2026-03-13 18:23:24,147 INFO __main__ :Converting BOG_cds.conllu with flat-POS method.
2026-03-13 18:29:36,630 INFO __main__ :Converting BOG_cds.conllu with flat-POS method.
2026-03-13 18:36:10,980 INFO __main__ :Converting BOG_cds.conllu with flat-POS method.
2026-03-13 18:37:24,031 INFO __main__ :Converting BOG_cds.conllu with flat-POS method.
2026-03-13 18:39:54,393 INFO __main__ :Converting BOG_cds.conllu with flat-POS method.
2026-03-13 18:41:20,192 INFO __main__ :Converting BOG_cds.conllu with flat-POS method.
2026-03-13 18:41:38,252 INFO __main__ :Converting BOG_cds.conllu with flat-POS method.
2026-03-13 19:19:28,361 INFO __main__ :Converting BOG_cds.conllu with flat-POS method.
2026-03-14 08:43:56,692 INFO __main__ :Converting BOG_cds.conllu with flat-POS method.
2026-03-14 08:43:56,698 INFO __main__ :0 data has been converted.
2026-03-14 08:43:56,704 INFO __main__ :Corpus size (sent): 145
2026-03-14 08:43:56,704 INFO __main__ :Converted sentences: 145
2026-03-14 08:43:56,704 INFO __main__ :and tokens: 700
2026-03-14 08:43:56,704 INFO __main__ :Non-projective sentences: 0
2026-03-14 08:43:56,704 INFO __main__ :Root-non-projective sentences: 0
2026-03-14 08:43:56,704 INFO __main__ :Sentences with None: 0
2026-03-14 08:43:56,704 INFO __main__ :Sentences with empty node: 0
2026-03-14 08:43:56,704 INFO __main__ :Sentences with control character: 0
2026-03-14 08:43:56,704 INFO __main__ :Sentences with not root contained: 0
2026-03-14 08:43:56,704 INFO __main__ :Converting TEF_cds.conllu with flat-POS method.
2026-03-14 08:43:56,708 INFO __main__ :0 data has been converted.
2026-03-14 08:43:56,711 INFO __main__ :Corpus size (sent): 80
2026-03-14 08:43:56,711 INFO __main__ :Converted sentences: 80
2026-03-14 08:43:56,711 INFO __main__ :and tokens: 376
2026-03-14 08:43:56,711 INFO __main__ :Non-projective sentences: 0
2026-03-14 08:43:56,711 INFO __main__ :Root-non-projective sentences: 0
2026-03-14 08:43:56,711 INFO __main__ :Sentences with None: 0
2026-03-14 08:43:56,711 INFO __main__ :Sentences with empty node: 0
2026-03-14 08:43:56,711 INFO __main__ :Sentences with control character: 0
2026-03-14 08:43:56,711 INFO __main__ :Sentences with not root contained: 0
2026-03-14 08:43:56,711 INFO __main__ :Converting SIM_cds.conllu with flat-POS method.
2026-03-14 08:43:56,718 INFO __main__ :0 data has been converted.
2026-03-14 08:43:56,723 INFO __main__ :Corpus size (sent): 142
2026-03-14 08:43:56,723 INFO __main__ :Converted sentences: 142
2026-03-14 08:43:56,723 INFO __main__ :and tokens: 706
2026-03-14 08:43:56,723 INFO __main__ :Non-projective sentences: 0
2026-03-14 08:43:56,723 INFO __main__ :Root-non-projective sentences: 0
2026-03-14 08:43:56,723 INFO __main__ :Sentences with None: 0
2026-03-14 08:43:56,723 INFO __main__ :Sentences with empty node: 0
2026-03-14 08:43:56,723 INFO __main__ :Sentences with control character: 0
2026-03-14 08:43:56,723 INFO __main__ :Sentences with not root contained: 0
2026-03-14 08:43:56,723 INFO __main__ :Converting ELI_cds.conllu with flat-POS method.
2026-03-14 08:43:56,737 INFO __main__ :0 data has been converted.
2026-03-14 08:43:56,750 INFO __main__ :Corpus size (sent): 373
2026-03-14 08:43:56,750 INFO __main__ :Converted sentences: 373
2026-03-14 08:43:56,750 INFO __main__ :and tokens: 1726
2026-03-14 08:43:56,750 INFO __main__ :Non-projective sentences: 0
2026-03-14 08:43:56,750 INFO __main__ :Root-non-projective sentences: 0
2026-03-14 08:43:56,750 INFO __main__ :Sentences with None: 0
2026-03-14 08:43:56,750 INFO __main__ :Sentences with empty node: 0
2026-03-14 08:43:56,750 INFO __main__ :Sentences with control character: 0
2026-03-14 08:43:56,750 INFO __main__ :Sentences with not root contained: 0
2026-03-14 08:43:56,750 INFO __main__ :Converting ALE_cds.conllu with flat-POS method.
2026-03-14 08:43:56,760 INFO __main__ :0 data has been converted.
2026-03-14 08:43:56,766 INFO __main__ :Corpus size (sent): 204
2026-03-14 08:43:56,766 INFO __main__ :Converted sentences: 204
2026-03-14 08:43:56,766 INFO __main__ :and tokens: 946
2026-03-14 08:43:56,767 INFO __main__ :Non-projective sentences: 0
2026-03-14 08:43:56,767 INFO __main__ :Root-non-projective sentences: 0
2026-03-14 08:43:56,767 INFO __main__ :Sentences with None: 0
2026-03-14 08:43:56,767 INFO __main__ :Sentences with empty node: 0
2026-03-14 08:43:56,767 INFO __main__ :Sentences with control character: 0
2026-03-14 08:43:56,767 INFO __main__ :Sentences with not root contained: 0
2026-03-14 08:44:11,318 INFO __main__ :Converting BOG_cds.conllu with flat-POS method.
2026-03-14 08:44:11,325 INFO __main__ :0 data has been converted.
2026-03-14 08:44:11,330 INFO __main__ :Corpus size (sent): 145
2026-03-14 08:44:11,331 INFO __main__ :Converted sentences: 145
2026-03-14 08:44:11,331 INFO __main__ :and tokens: 700
2026-03-14 08:44:11,331 INFO __main__ :Non-projective sentences: 0
2026-03-14 08:44:11,331 INFO __main__ :Root-non-projective sentences: 0
2026-03-14 08:44:11,331 INFO __main__ :Sentences with None: 0
2026-03-14 08:44:11,331 INFO __main__ :Sentences with empty node: 0
2026-03-14 08:44:11,331 INFO __main__ :Sentences with control character: 0
2026-03-14 08:44:11,331 INFO __main__ :Sentences with not root contained: 0
2026-03-14 08:44:11,331 INFO __main__ :Converting TEF_cds.conllu with flat-POS method.
2026-03-14 08:44:11,335 INFO __main__ :0 data has been converted.
2026-03-14 08:44:11,338 INFO __main__ :Corpus size (sent): 80
2026-03-14 08:44:11,338 INFO __main__ :Converted sentences: 80
2026-03-14 08:44:11,338 INFO __main__ :and tokens: 376
2026-03-14 08:44:11,338 INFO __main__ :Non-projective sentences: 0
2026-03-14 08:44:11,338 INFO __main__ :Root-non-projective sentences: 0
2026-03-14 08:44:11,338 INFO __main__ :Sentences with None: 0
2026-03-14 08:44:11,338 INFO __main__ :Sentences with empty node: 0
2026-03-14 08:44:11,338 INFO __main__ :Sentences with control character: 0
2026-03-14 08:44:11,338 INFO __main__ :Sentences with not root contained: 0
2026-03-14 08:44:11,338 INFO __main__ :Converting SIM_cds.conllu with flat-POS method.
2026-03-14 08:44:11,343 INFO __main__ :0 data has been converted.
2026-03-14 08:44:11,349 INFO __main__ :Corpus size (sent): 142
2026-03-14 08:44:11,349 INFO __main__ :Converted sentences: 142
2026-03-14 08:44:11,349 INFO __main__ :and tokens: 706
2026-03-14 08:44:11,349 INFO __main__ :Non-projective sentences: 0
2026-03-14 08:44:11,349 INFO __main__ :Root-non-projective sentences: 0
2026-03-14 08:44:11,349 INFO __main__ :Sentences with None: 0
2026-03-14 08:44:11,349 INFO __main__ :Sentences with empty node: 0
2026-03-14 08:44:11,349 INFO __main__ :Sentences with control character: 0
2026-03-14 08:44:11,349 INFO __main__ :Sentences with not root contained: 0
2026-03-14 08:44:11,349 INFO __main__ :Converting ELI_cds.conllu with flat-POS method.
2026-03-14 08:44:11,363 INFO __main__ :0 data has been converted.
2026-03-14 08:44:11,375 INFO __main__ :Corpus size (sent): 373
2026-03-14 08:44:11,375 INFO __main__ :Converted sentences: 373
2026-03-14 08:44:11,375 INFO __main__ :and tokens: 1726
2026-03-14 08:44:11,375 INFO __main__ :Non-projective sentences: 0
2026-03-14 08:44:11,375 INFO __main__ :Root-non-projective sentences: 0
2026-03-14 08:44:11,375 INFO __main__ :Sentences with None: 0
2026-03-14 08:44:11,375 INFO __main__ :Sentences with empty node: 0
2026-03-14 08:44:11,375 INFO __main__ :Sentences with control character: 0
2026-03-14 08:44:11,375 INFO __main__ :Sentences with not root contained: 0
2026-03-14 08:44:11,375 INFO __main__ :Converting ALE_cds.conllu with flat-POS method.
2026-03-14 08:44:11,384 INFO __main__ :0 data has been converted.
2026-03-14 08:44:11,391 INFO __main__ :Corpus size (sent): 204
2026-03-14 08:44:11,391 INFO __main__ :Converted sentences: 204
2026-03-14 08:44:11,391 INFO __main__ :and tokens: 946
2026-03-14 08:44:11,391 INFO __main__ :Non-projective sentences: 0
2026-03-14 08:44:11,391 INFO __main__ :Root-non-projective sentences: 0
2026-03-14 08:44:11,391 INFO __main__ :Sentences with None: 0
2026-03-14 08:44:11,391 INFO __main__ :Sentences with empty node: 0
2026-03-14 08:44:11,391 INFO __main__ :Sentences with control character: 0
2026-03-14 08:44:11,391 INFO __main__ :Sentences with not root contained: 0
2026-03-14 20:42:42,480 INFO __main__ :Converting BOG_cds.conllu with flat-POS method.
2026-03-14 20:42:42,487 INFO __main__ :0 data has been converted.
2026-03-14 20:42:42,493 INFO __main__ :Corpus size (sent): 145
2026-03-14 20:42:42,493 INFO __main__ :Converted sentences: 145
2026-03-14 20:42:42,493 INFO __main__ :and tokens: 700
2026-03-14 20:42:42,493 INFO __main__ :Non-projective sentences: 0
2026-03-14 20:42:42,493 INFO __main__ :Root-non-projective sentences: 0
2026-03-14 20:42:42,493 INFO __main__ :Sentences with None: 0
2026-03-14 20:42:42,493 INFO __main__ :Sentences with empty node: 0
2026-03-14 20:42:42,493 INFO __main__ :Sentences with control character: 0
2026-03-14 20:42:42,493 INFO __main__ :Sentences with not root contained: 0
2026-03-14 20:42:42,493 INFO __main__ :Converting TEF_cds.conllu with flat-POS method.
2026-03-14 20:42:42,498 INFO __main__ :0 data has been converted.
2026-03-14 20:42:42,501 INFO __main__ :Corpus size (sent): 80
2026-03-14 20:42:42,501 INFO __main__ :Converted sentences: 80
2026-03-14 20:42:42,501 INFO __main__ :and tokens: 376
2026-03-14 20:42:42,501 INFO __main__ :Non-projective sentences: 0
2026-03-14 20:42:42,501 INFO __main__ :Root-non-projective sentences: 0
2026-03-14 20:42:42,501 INFO __main__ :Sentences with None: 0
2026-03-14 20:42:42,501 INFO __main__ :Sentences with empty node: 0
2026-03-14 20:42:42,501 INFO __main__ :Sentences with control character: 0
2026-03-14 20:42:42,501 INFO __main__ :Sentences with not root contained: 0
2026-03-14 20:42:42,501 INFO __main__ :Converting SIM_cds.conllu with flat-POS method.
2026-03-14 20:42:42,507 INFO __main__ :0 data has been converted.
2026-03-14 20:42:42,512 INFO __main__ :Corpus size (sent): 142
2026-03-14 20:42:42,512 INFO __main__ :Converted sentences: 142
2026-03-14 20:42:42,512 INFO __main__ :and tokens: 706
2026-03-14 20:42:42,512 INFO __main__ :Non-projective sentences: 0
2026-03-14 20:42:42,512 INFO __main__ :Root-non-projective sentences: 0
2026-03-14 20:42:42,512 INFO __main__ :Sentences with None: 0
2026-03-14 20:42:42,512 INFO __main__ :Sentences with empty node: 0
2026-03-14 20:42:42,512 INFO __main__ :Sentences with control character: 0
2026-03-14 20:42:42,512 INFO __main__ :Sentences with not root contained: 0
2026-03-14 20:42:42,512 INFO __main__ :Converting ELI_cds.conllu with flat-POS method.
2026-03-14 20:42:42,527 INFO __main__ :0 data has been converted.
2026-03-14 20:42:42,539 INFO __main__ :Corpus size (sent): 373
2026-03-14 20:42:42,539 INFO __main__ :Converted sentences: 373
2026-03-14 20:42:42,539 INFO __main__ :and tokens: 1726
2026-03-14 20:42:42,539 INFO __main__ :Non-projective sentences: 0
2026-03-14 20:42:42,539 INFO __main__ :Root-non-projective sentences: 0
2026-03-14 20:42:42,539 INFO __main__ :Sentences with None: 0
2026-03-14 20:42:42,539 INFO __main__ :Sentences with empty node: 0
2026-03-14 20:42:42,539 INFO __main__ :Sentences with control character: 0
2026-03-14 20:42:42,539 INFO __main__ :Sentences with not root contained: 0
2026-03-14 20:42:42,539 INFO __main__ :Converting ALE_cds.conllu with flat-POS method.
2026-03-14 20:42:42,549 INFO __main__ :0 data has been converted.
2026-03-14 20:42:42,555 INFO __main__ :Corpus size (sent): 204
2026-03-14 20:42:42,555 INFO __main__ :Converted sentences: 204
2026-03-14 20:42:42,555 INFO __main__ :and tokens: 946
2026-03-14 20:42:42,555 INFO __main__ :Non-projective sentences: 0
2026-03-14 20:42:42,556 INFO __main__ :Root-non-projective sentences: 0
2026-03-14 20:42:42,556 INFO __main__ :Sentences with None: 0
2026-03-14 20:42:42,556 INFO __main__ :Sentences with empty node: 0
2026-03-14 20:42:42,556 INFO __main__ :Sentences with control character: 0
2026-03-14 20:42:42,556 INFO __main__ :Sentences with not root contained: 0
2026-03-14 20:44:56,343 INFO __main__ :Converting BOG_cds.conllu with flat-POS method.
2026-03-14 20:44:56,351 INFO __main__ :0 data has been converted.
2026-03-14 20:44:56,357 INFO __main__ :Corpus size (sent): 145
2026-03-14 20:44:56,357 INFO __main__ :Converted sentences: 145
2026-03-14 20:44:56,357 INFO __main__ :and tokens: 700
2026-03-14 20:44:56,357 INFO __main__ :Non-projective sentences: 0
2026-03-14 20:44:56,357 INFO __main__ :Root-non-projective sentences: 0
2026-03-14 20:44:56,357 INFO __main__ :Sentences with None: 0
2026-03-14 20:44:56,357 INFO __main__ :Sentences with empty node: 0
2026-03-14 20:44:56,357 INFO __main__ :Sentences with control character: 0
2026-03-14 20:44:56,357 INFO __main__ :Sentences with not root contained: 0
2026-03-14 20:44:56,357 INFO __main__ :Converting TEF_cds.conllu with flat-POS method.
2026-03-14 20:44:56,362 INFO __main__ :0 data has been converted.
2026-03-14 20:44:56,365 INFO __main__ :Corpus size (sent): 80
2026-03-14 20:44:56,365 INFO __main__ :Converted sentences: 80
2026-03-14 20:44:56,365 INFO __main__ :and tokens: 376
2026-03-14 20:44:56,365 INFO __main__ :Non-projective sentences: 0
2026-03-14 20:44:56,365 INFO __main__ :Root-non-projective sentences: 0
2026-03-14 20:44:56,365 INFO __main__ :Sentences with None: 0
2026-03-14 20:44:56,365 INFO __main__ :Sentences with empty node: 0
2026-03-14 20:44:56,365 INFO __main__ :Sentences with control character: 0
2026-03-14 20:44:56,365 INFO __main__ :Sentences with not root contained: 0
2026-03-14 20:44:56,365 INFO __main__ :Converting SIM_cds.conllu with flat-POS method.
2026-03-14 20:44:56,371 INFO __main__ :0 data has been converted.
2026-03-14 20:44:56,376 INFO __main__ :Corpus size (sent): 142
2026-03-14 20:44:56,377 INFO __main__ :Converted sentences: 142
2026-03-14 20:44:56,377 INFO __main__ :and tokens: 706
2026-03-14 20:44:56,377 INFO __main__ :Non-projective sentences: 0
2026-03-14 20:44:56,377 INFO __main__ :Root-non-projective sentences: 0
2026-03-14 20:44:56,377 INFO __main__ :Sentences with None: 0
2026-03-14 20:44:56,377 INFO __main__ :Sentences with empty node: 0
2026-03-14 20:44:56,377 INFO __main__ :Sentences with control character: 0
2026-03-14 20:44:56,377 INFO __main__ :Sentences with not root contained: 0
2026-03-14 20:44:56,377 INFO __main__ :Converting ELI_cds.conllu with flat-POS method.
2026-03-14 20:44:56,391 INFO __main__ :0 data has been converted.
2026-03-14 20:44:56,403 INFO __main__ :Corpus size (sent): 373
2026-03-14 20:44:56,404 INFO __main__ :Converted sentences: 373
2026-03-14 20:44:56,404 INFO __main__ :and tokens: 1726
2026-03-14 20:44:56,404 INFO __main__ :Non-projective sentences: 0
2026-03-14 20:44:56,404 INFO __main__ :Root-non-projective sentences: 0
2026-03-14 20:44:56,404 INFO __main__ :Sentences with None: 0
2026-03-14 20:44:56,404 INFO __main__ :Sentences with empty node: 0
2026-03-14 20:44:56,404 INFO __main__ :Sentences with control character: 0
2026-03-14 20:44:56,404 INFO __main__ :Sentences with not root contained: 0
2026-03-14 20:44:56,404 INFO __main__ :Converting ALE_cds.conllu with flat-POS method.
2026-03-14 20:44:56,412 INFO __main__ :0 data has been converted.
2026-03-14 20:44:56,419 INFO __main__ :Corpus size (sent): 204
2026-03-14 20:44:56,419 INFO __main__ :Converted sentences: 204
2026-03-14 20:44:56,419 INFO __main__ :and tokens: 946
2026-03-14 20:44:56,419 INFO __main__ :Non-projective sentences: 0
2026-03-14 20:44:56,419 INFO __main__ :Root-non-projective sentences: 0
2026-03-14 20:44:56,419 INFO __main__ :Sentences with None: 0
2026-03-14 20:44:56,419 INFO __main__ :Sentences with empty node: 0
2026-03-14 20:44:56,419 INFO __main__ :Sentences with control character: 0
2026-03-14 20:44:56,419 INFO __main__ :Sentences with not root contained: 0
