2026-03-09 12:14:55,421 INFO __main__ :Converting BOG_cds.conllu with right-POS method.
2026-03-09 12:14:55,427 INFO __main__ :0 data has been converted.
2026-03-09 12:14:55,440 INFO __main__ :Corpus size (sent): 143
2026-03-09 12:14:55,440 INFO __main__ :Converted sentences: 142
2026-03-09 12:14:55,440 INFO __main__ :and tokens: 680
2026-03-09 12:14:55,440 INFO __main__ :Non-projective sentences: 0
2026-03-09 12:14:55,440 INFO __main__ :Root-non-projective sentences: 0
2026-03-09 12:14:55,440 INFO __main__ :Sentences with None: 0
2026-03-09 12:14:55,440 INFO __main__ :Sentences with empty node: 1
2026-03-09 12:14:55,440 INFO __main__ :Sentences with control character: 0
2026-03-09 12:14:55,440 INFO __main__ :Sentences with not root contained: 0
2026-03-09 12:14:55,440 INFO __main__ :Converting TEF_cds.conllu with right-POS method.
2026-03-09 12:14:55,458 INFO __main__ :0 data has been converted.
2026-03-09 12:14:55,493 INFO __main__ :Corpus size (sent): 388
2026-03-09 12:14:55,493 INFO __main__ :Converted sentences: 379
2026-03-09 12:14:55,493 INFO __main__ :and tokens: 2015
2026-03-09 12:14:55,493 INFO __main__ :Non-projective sentences: 0
2026-03-09 12:14:55,493 INFO __main__ :Root-non-projective sentences: 0
2026-03-09 12:14:55,493 INFO __main__ :Sentences with None: 0
2026-03-09 12:14:55,494 INFO __main__ :Sentences with empty node: 9
2026-03-09 12:14:55,494 INFO __main__ :Sentences with control character: 0
2026-03-09 12:14:55,494 INFO __main__ :Sentences with not root contained: 0
2026-03-09 12:14:55,494 INFO __main__ :Converting SIM_cds.conllu with right-POS method.
2026-03-09 12:14:55,542 INFO __main__ :0 data has been converted.
2026-03-09 12:14:55,611 INFO __main__ :Corpus size (sent): 791
2026-03-09 12:14:55,611 INFO __main__ :Converted sentences: 787
2026-03-09 12:14:55,611 INFO __main__ :and tokens: 4223
2026-03-09 12:14:55,611 INFO __main__ :Non-projective sentences: 0
2026-03-09 12:14:55,611 INFO __main__ :Root-non-projective sentences: 2
2026-03-09 12:14:55,611 INFO __main__ :Sentences with None: 0
2026-03-09 12:14:55,611 INFO __main__ :Sentences with empty node: 2
2026-03-09 12:14:55,611 INFO __main__ :Sentences with control character: 0
2026-03-09 12:14:55,611 INFO __main__ :Sentences with not root contained: 0
2026-03-09 12:14:55,611 INFO __main__ :Converting ELI_cds.conllu with right-POS method.
2026-03-09 12:14:55,640 INFO __main__ :0 data has been converted.
2026-03-09 12:14:55,697 INFO __main__ :Corpus size (sent): 697
2026-03-09 12:14:55,697 INFO __main__ :Converted sentences: 694
2026-03-09 12:14:55,697 INFO __main__ :and tokens: 3235
2026-03-09 12:14:55,697 INFO __main__ :Non-projective sentences: 0
2026-03-09 12:14:55,697 INFO __main__ :Root-non-projective sentences: 2
2026-03-09 12:14:55,697 INFO __main__ :Sentences with None: 0
2026-03-09 12:14:55,697 INFO __main__ :Sentences with empty node: 1
2026-03-09 12:14:55,697 INFO __main__ :Sentences with control character: 0
2026-03-09 12:14:55,697 INFO __main__ :Sentences with not root contained: 0
2026-03-09 12:14:55,697 INFO __main__ :Converting ALE_cds.conllu with right-POS method.
2026-03-09 12:14:55,717 INFO __main__ :0 data has been converted.
2026-03-09 12:14:55,750 INFO __main__ :Corpus size (sent): 426
2026-03-09 12:14:55,750 INFO __main__ :Converted sentences: 417
2026-03-09 12:14:55,750 INFO __main__ :and tokens: 2030
2026-03-09 12:14:55,750 INFO __main__ :Non-projective sentences: 0
2026-03-09 12:14:55,750 INFO __main__ :Root-non-projective sentences: 1
2026-03-09 12:14:55,750 INFO __main__ :Sentences with None: 0
2026-03-09 12:14:55,750 INFO __main__ :Sentences with empty node: 8
2026-03-09 12:14:55,750 INFO __main__ :Sentences with control character: 0
2026-03-09 12:14:55,750 INFO __main__ :Sentences with not root contained: 0
