2026-03-09 11:55:12,912 INFO __main__ :Converting BOG_cds.conllu with flat-POS method.
2026-03-09 11:55:12,919 INFO __main__ :0 data has been converted.
2026-03-09 11:55:12,926 INFO __main__ :Corpus size (sent): 143
2026-03-09 11:55:12,927 INFO __main__ :Converted sentences: 142
2026-03-09 11:55:12,927 INFO __main__ :and tokens: 680
2026-03-09 11:55:12,927 INFO __main__ :Non-projective sentences: 0
2026-03-09 11:55:12,927 INFO __main__ :Root-non-projective sentences: 0
2026-03-09 11:55:12,927 INFO __main__ :Sentences with None: 0
2026-03-09 11:55:12,927 INFO __main__ :Sentences with empty node: 1
2026-03-09 11:55:12,927 INFO __main__ :Sentences with control character: 0
2026-03-09 11:55:12,927 INFO __main__ :Sentences with not root contained: 0
2026-03-09 11:55:12,927 INFO __main__ :Converting TEF_cds.conllu with flat-POS method.
2026-03-09 11:55:12,944 INFO __main__ :0 data has been converted.
2026-03-09 11:55:12,964 INFO __main__ :Corpus size (sent): 388
2026-03-09 11:55:12,964 INFO __main__ :Converted sentences: 379
2026-03-09 11:55:12,964 INFO __main__ :and tokens: 2015
2026-03-09 11:55:12,964 INFO __main__ :Non-projective sentences: 0
2026-03-09 11:55:12,964 INFO __main__ :Root-non-projective sentences: 0
2026-03-09 11:55:12,964 INFO __main__ :Sentences with None: 0
2026-03-09 11:55:12,964 INFO __main__ :Sentences with empty node: 9
2026-03-09 11:55:12,964 INFO __main__ :Sentences with control character: 0
2026-03-09 11:55:12,964 INFO __main__ :Sentences with not root contained: 0
2026-03-09 11:55:12,964 INFO __main__ :Converting SIM_cds.conllu with flat-POS method.
2026-03-09 11:55:12,997 INFO __main__ :0 data has been converted.
2026-03-09 11:55:13,038 INFO __main__ :Corpus size (sent): 791
2026-03-09 11:55:13,038 INFO __main__ :Converted sentences: 787
2026-03-09 11:55:13,038 INFO __main__ :and tokens: 4223
2026-03-09 11:55:13,038 INFO __main__ :Non-projective sentences: 0
2026-03-09 11:55:13,038 INFO __main__ :Root-non-projective sentences: 2
2026-03-09 11:55:13,038 INFO __main__ :Sentences with None: 0
2026-03-09 11:55:13,038 INFO __main__ :Sentences with empty node: 2
2026-03-09 11:55:13,038 INFO __main__ :Sentences with control character: 0
2026-03-09 11:55:13,038 INFO __main__ :Sentences with not root contained: 0
2026-03-09 11:55:13,038 INFO __main__ :Converting ELI_cds.conllu with flat-POS method.
2026-03-09 11:55:13,063 INFO __main__ :0 data has been converted.
2026-03-09 11:55:13,093 INFO __main__ :Corpus size (sent): 697
2026-03-09 11:55:13,094 INFO __main__ :Converted sentences: 694
2026-03-09 11:55:13,094 INFO __main__ :and tokens: 3235
2026-03-09 11:55:13,094 INFO __main__ :Non-projective sentences: 0
2026-03-09 11:55:13,094 INFO __main__ :Root-non-projective sentences: 2
2026-03-09 11:55:13,094 INFO __main__ :Sentences with None: 0
2026-03-09 11:55:13,094 INFO __main__ :Sentences with empty node: 1
2026-03-09 11:55:13,094 INFO __main__ :Sentences with control character: 0
2026-03-09 11:55:13,094 INFO __main__ :Sentences with not root contained: 0
2026-03-09 11:55:13,094 INFO __main__ :Converting ALE_cds.conllu with flat-POS method.
2026-03-09 11:55:13,111 INFO __main__ :0 data has been converted.
2026-03-09 11:55:13,130 INFO __main__ :Corpus size (sent): 426
2026-03-09 11:55:13,130 INFO __main__ :Converted sentences: 417
2026-03-09 11:55:13,130 INFO __main__ :and tokens: 2030
2026-03-09 11:55:13,130 INFO __main__ :Non-projective sentences: 0
2026-03-09 11:55:13,130 INFO __main__ :Root-non-projective sentences: 1
2026-03-09 11:55:13,130 INFO __main__ :Sentences with None: 0
2026-03-09 11:55:13,130 INFO __main__ :Sentences with empty node: 8
2026-03-09 11:55:13,130 INFO __main__ :Sentences with control character: 0
2026-03-09 11:55:13,130 INFO __main__ :Sentences with not root contained: 0
2026-03-09 15:32:26,168 INFO __main__ :Converting BOG_cds.conllu with flat-POS method.
2026-03-09 15:32:26,175 INFO __main__ :0 data has been converted.
2026-03-09 15:32:26,181 INFO __main__ :Corpus size (sent): 143
2026-03-09 15:32:26,181 INFO __main__ :Converted sentences: 143
2026-03-09 15:32:26,181 INFO __main__ :and tokens: 685
2026-03-09 15:32:26,181 INFO __main__ :Non-projective sentences: 0
2026-03-09 15:32:26,181 INFO __main__ :Root-non-projective sentences: 0
2026-03-09 15:32:26,181 INFO __main__ :Sentences with None: 0
2026-03-09 15:32:26,181 INFO __main__ :Sentences with empty node: 0
2026-03-09 15:32:26,181 INFO __main__ :Sentences with control character: 0
2026-03-09 15:32:26,181 INFO __main__ :Sentences with not root contained: 0
2026-03-09 15:32:26,181 INFO __main__ :Converting TEF_cds.conllu with flat-POS method.
2026-03-09 15:32:26,200 INFO __main__ :0 data has been converted.
2026-03-09 15:32:26,215 INFO __main__ :Corpus size (sent): 388
2026-03-09 15:32:26,215 INFO __main__ :Converted sentences: 383
2026-03-09 15:32:26,215 INFO __main__ :and tokens: 2037
2026-03-09 15:32:26,215 INFO __main__ :Non-projective sentences: 0
2026-03-09 15:32:26,215 INFO __main__ :Root-non-projective sentences: 0
2026-03-09 15:32:26,215 INFO __main__ :Sentences with None: 0
2026-03-09 15:32:26,215 INFO __main__ :Sentences with empty node: 0
2026-03-09 15:32:26,215 INFO __main__ :Sentences with control character: 0
2026-03-09 15:32:26,215 INFO __main__ :Sentences with not root contained: 5
2026-03-09 15:32:26,215 INFO __main__ :Converting SIM_cds.conllu with flat-POS method.
2026-03-09 15:32:26,249 INFO __main__ :0 data has been converted.
2026-03-09 15:32:26,278 INFO __main__ :Corpus size (sent): 791
2026-03-09 15:32:26,279 INFO __main__ :Converted sentences: 790
2026-03-09 15:32:26,279 INFO __main__ :and tokens: 4240
2026-03-09 15:32:26,279 INFO __main__ :Non-projective sentences: 0
2026-03-09 15:32:26,279 INFO __main__ :Root-non-projective sentences: 1
2026-03-09 15:32:26,279 INFO __main__ :Sentences with None: 0
2026-03-09 15:32:26,279 INFO __main__ :Sentences with empty node: 0
2026-03-09 15:32:26,279 INFO __main__ :Sentences with control character: 0
2026-03-09 15:32:26,279 INFO __main__ :Sentences with not root contained: 0
2026-03-09 15:32:26,279 INFO __main__ :Converting ELI_cds.conllu with flat-POS method.
2026-03-09 15:32:26,307 INFO __main__ :0 data has been converted.
2026-03-09 15:32:26,329 INFO __main__ :Corpus size (sent): 697
2026-03-09 15:32:26,329 INFO __main__ :Converted sentences: 696
2026-03-09 15:32:26,329 INFO __main__ :and tokens: 3245
2026-03-09 15:32:26,329 INFO __main__ :Non-projective sentences: 0
2026-03-09 15:32:26,329 INFO __main__ :Root-non-projective sentences: 1
2026-03-09 15:32:26,329 INFO __main__ :Sentences with None: 0
2026-03-09 15:32:26,329 INFO __main__ :Sentences with empty node: 0
2026-03-09 15:32:26,329 INFO __main__ :Sentences with control character: 0
2026-03-09 15:32:26,329 INFO __main__ :Sentences with not root contained: 0
2026-03-09 15:32:26,329 INFO __main__ :Converting ALE_cds.conllu with flat-POS method.
2026-03-09 15:32:26,347 INFO __main__ :0 data has been converted.
2026-03-09 15:32:26,361 INFO __main__ :Corpus size (sent): 426
2026-03-09 15:32:26,361 INFO __main__ :Converted sentences: 425
2026-03-09 15:32:26,361 INFO __main__ :and tokens: 2079
2026-03-09 15:32:26,361 INFO __main__ :Non-projective sentences: 0
2026-03-09 15:32:26,361 INFO __main__ :Root-non-projective sentences: 0
2026-03-09 15:32:26,361 INFO __main__ :Sentences with None: 0
2026-03-09 15:32:26,361 INFO __main__ :Sentences with empty node: 0
2026-03-09 15:32:26,361 INFO __main__ :Sentences with control character: 0
2026-03-09 15:32:26,361 INFO __main__ :Sentences with not root contained: 1
2026-03-12 09:18:39,096 INFO __main__ :Converting BOG_cds.conllu with flat-POS method.
2026-03-12 09:18:39,103 INFO __main__ :0 data has been converted.
2026-03-12 09:18:39,109 INFO __main__ :Corpus size (sent): 143
2026-03-12 09:18:39,109 INFO __main__ :Converted sentences: 143
2026-03-12 09:18:39,109 INFO __main__ :and tokens: 685
2026-03-12 09:18:39,109 INFO __main__ :Non-projective sentences: 0
2026-03-12 09:18:39,109 INFO __main__ :Root-non-projective sentences: 0
2026-03-12 09:18:39,109 INFO __main__ :Sentences with None: 0
2026-03-12 09:18:39,109 INFO __main__ :Sentences with empty node: 0
2026-03-12 09:18:39,109 INFO __main__ :Sentences with control character: 0
2026-03-12 09:18:39,109 INFO __main__ :Sentences with not root contained: 0
2026-03-12 09:18:39,109 INFO __main__ :Converting TEF_cds.conllu with flat-POS method.
2026-03-12 09:18:39,126 INFO __main__ :0 data has been converted.
2026-03-12 09:18:39,141 INFO __main__ :Corpus size (sent): 388
2026-03-12 09:18:39,141 INFO __main__ :Converted sentences: 383
2026-03-12 09:18:39,141 INFO __main__ :and tokens: 2037
2026-03-12 09:18:39,141 INFO __main__ :Non-projective sentences: 0
2026-03-12 09:18:39,141 INFO __main__ :Root-non-projective sentences: 0
2026-03-12 09:18:39,141 INFO __main__ :Sentences with None: 0
2026-03-12 09:18:39,142 INFO __main__ :Sentences with empty node: 0
2026-03-12 09:18:39,142 INFO __main__ :Sentences with control character: 0
2026-03-12 09:18:39,142 INFO __main__ :Sentences with not root contained: 5
2026-03-12 09:18:39,142 INFO __main__ :Converting SIM_cds.conllu with flat-POS method.
2026-03-12 09:18:39,174 INFO __main__ :0 data has been converted.
2026-03-12 09:18:39,204 INFO __main__ :Corpus size (sent): 791
2026-03-12 09:18:39,204 INFO __main__ :Converted sentences: 790
2026-03-12 09:18:39,204 INFO __main__ :and tokens: 4240
2026-03-12 09:18:39,204 INFO __main__ :Non-projective sentences: 0
2026-03-12 09:18:39,204 INFO __main__ :Root-non-projective sentences: 1
2026-03-12 09:18:39,204 INFO __main__ :Sentences with None: 0
2026-03-12 09:18:39,204 INFO __main__ :Sentences with empty node: 0
2026-03-12 09:18:39,204 INFO __main__ :Sentences with control character: 0
2026-03-12 09:18:39,204 INFO __main__ :Sentences with not root contained: 0
2026-03-12 09:18:39,204 INFO __main__ :Converting ELI_cds.conllu with flat-POS method.
2026-03-12 09:18:39,232 INFO __main__ :0 data has been converted.
2026-03-12 09:18:39,254 INFO __main__ :Corpus size (sent): 697
2026-03-12 09:18:39,254 INFO __main__ :Converted sentences: 696
2026-03-12 09:18:39,254 INFO __main__ :and tokens: 3245
2026-03-12 09:18:39,254 INFO __main__ :Non-projective sentences: 0
2026-03-12 09:18:39,254 INFO __main__ :Root-non-projective sentences: 1
2026-03-12 09:18:39,254 INFO __main__ :Sentences with None: 0
2026-03-12 09:18:39,254 INFO __main__ :Sentences with empty node: 0
2026-03-12 09:18:39,254 INFO __main__ :Sentences with control character: 0
2026-03-12 09:18:39,254 INFO __main__ :Sentences with not root contained: 0
2026-03-12 09:18:39,254 INFO __main__ :Converting ALE_cds.conllu with flat-POS method.
2026-03-12 09:18:39,271 INFO __main__ :0 data has been converted.
2026-03-12 09:18:39,286 INFO __main__ :Corpus size (sent): 426
2026-03-12 09:18:39,286 INFO __main__ :Converted sentences: 425
2026-03-12 09:18:39,286 INFO __main__ :and tokens: 2079
2026-03-12 09:18:39,286 INFO __main__ :Non-projective sentences: 0
2026-03-12 09:18:39,286 INFO __main__ :Root-non-projective sentences: 0
2026-03-12 09:18:39,286 INFO __main__ :Sentences with None: 0
2026-03-12 09:18:39,286 INFO __main__ :Sentences with empty node: 0
2026-03-12 09:18:39,286 INFO __main__ :Sentences with control character: 0
2026-03-12 09:18:39,286 INFO __main__ :Sentences with not root contained: 1
2026-03-12 09:27:43,589 INFO __main__ :Converting BOG_cds.conllu with flat-POS method.
2026-03-12 09:27:43,597 INFO __main__ :0 data has been converted.
2026-03-12 09:27:43,602 INFO __main__ :Corpus size (sent): 143
2026-03-12 09:27:43,602 INFO __main__ :Converted sentences: 143
2026-03-12 09:27:43,602 INFO __main__ :and tokens: 685
2026-03-12 09:27:43,602 INFO __main__ :Non-projective sentences: 0
2026-03-12 09:27:43,602 INFO __main__ :Root-non-projective sentences: 0
2026-03-12 09:27:43,602 INFO __main__ :Sentences with None: 0
2026-03-12 09:27:43,602 INFO __main__ :Sentences with empty node: 0
2026-03-12 09:27:43,602 INFO __main__ :Sentences with control character: 0
2026-03-12 09:27:43,602 INFO __main__ :Sentences with not root contained: 0
2026-03-12 09:27:43,602 INFO __main__ :Converting TEF_cds.conllu with flat-POS method.
2026-03-12 09:27:43,620 INFO __main__ :0 data has been converted.
2026-03-12 09:27:43,635 INFO __main__ :Corpus size (sent): 388
2026-03-12 09:27:43,635 INFO __main__ :Converted sentences: 383
2026-03-12 09:27:43,635 INFO __main__ :and tokens: 2037
2026-03-12 09:27:43,635 INFO __main__ :Non-projective sentences: 0
2026-03-12 09:27:43,635 INFO __main__ :Root-non-projective sentences: 0
2026-03-12 09:27:43,635 INFO __main__ :Sentences with None: 0
2026-03-12 09:27:43,635 INFO __main__ :Sentences with empty node: 0
2026-03-12 09:27:43,635 INFO __main__ :Sentences with control character: 0
2026-03-12 09:27:43,635 INFO __main__ :Sentences with not root contained: 5
2026-03-12 09:27:43,635 INFO __main__ :Converting SIM_cds.conllu with flat-POS method.
2026-03-12 09:27:43,670 INFO __main__ :0 data has been converted.
2026-03-12 09:27:43,700 INFO __main__ :Corpus size (sent): 791
2026-03-12 09:27:43,700 INFO __main__ :Converted sentences: 790
2026-03-12 09:27:43,700 INFO __main__ :and tokens: 4240
2026-03-12 09:27:43,700 INFO __main__ :Non-projective sentences: 0
2026-03-12 09:27:43,700 INFO __main__ :Root-non-projective sentences: 1
2026-03-12 09:27:43,700 INFO __main__ :Sentences with None: 0
2026-03-12 09:27:43,700 INFO __main__ :Sentences with empty node: 0
2026-03-12 09:27:43,700 INFO __main__ :Sentences with control character: 0
2026-03-12 09:27:43,700 INFO __main__ :Sentences with not root contained: 0
2026-03-12 09:27:43,700 INFO __main__ :Converting ELI_cds.conllu with flat-POS method.
2026-03-12 09:27:43,727 INFO __main__ :0 data has been converted.
2026-03-12 09:27:43,749 INFO __main__ :Corpus size (sent): 697
2026-03-12 09:27:43,749 INFO __main__ :Converted sentences: 696
2026-03-12 09:27:43,749 INFO __main__ :and tokens: 3245
2026-03-12 09:27:43,749 INFO __main__ :Non-projective sentences: 0
2026-03-12 09:27:43,749 INFO __main__ :Root-non-projective sentences: 1
2026-03-12 09:27:43,749 INFO __main__ :Sentences with None: 0
2026-03-12 09:27:43,750 INFO __main__ :Sentences with empty node: 0
2026-03-12 09:27:43,750 INFO __main__ :Sentences with control character: 0
2026-03-12 09:27:43,750 INFO __main__ :Sentences with not root contained: 0
2026-03-12 09:27:43,750 INFO __main__ :Converting ALE_cds.conllu with flat-POS method.
2026-03-12 09:27:43,768 INFO __main__ :0 data has been converted.
2026-03-12 09:27:43,784 INFO __main__ :Corpus size (sent): 426
2026-03-12 09:27:43,784 INFO __main__ :Converted sentences: 425
2026-03-12 09:27:43,784 INFO __main__ :and tokens: 2079
2026-03-12 09:27:43,784 INFO __main__ :Non-projective sentences: 0
2026-03-12 09:27:43,784 INFO __main__ :Root-non-projective sentences: 0
2026-03-12 09:27:43,784 INFO __main__ :Sentences with None: 0
2026-03-12 09:27:43,784 INFO __main__ :Sentences with empty node: 0
2026-03-12 09:27:43,784 INFO __main__ :Sentences with control character: 0
2026-03-12 09:27:43,784 INFO __main__ :Sentences with not root contained: 1
