2026-04-12 13:07:21,156 INFO __main__ :Converting BOG_cds.conllu with flat_og-POS method.
2026-04-12 13:07:21,162 INFO __main__ :0 data has been converted.
2026-04-12 13:07:21,168 INFO __main__ :Corpus size (sent): 145
2026-04-12 13:07:21,168 INFO __main__ :Converted sentences: 145
2026-04-12 13:07:21,168 INFO __main__ :and tokens: 700
2026-04-12 13:07:21,168 INFO __main__ :Non-projective sentences: 0
2026-04-12 13:07:21,168 INFO __main__ :Root-non-projective sentences: 0
2026-04-12 13:07:21,168 INFO __main__ :Sentences with None: 0
2026-04-12 13:07:21,168 INFO __main__ :Sentences with empty node: 0
2026-04-12 13:07:21,168 INFO __main__ :Sentences with control character: 0
2026-04-12 13:07:21,168 INFO __main__ :Sentences with not root contained: 0
2026-04-12 13:07:21,168 INFO __main__ :Converting TEF_cds.conllu with flat_og-POS method.
2026-04-12 13:07:21,172 INFO __main__ :0 data has been converted.
2026-04-12 13:07:21,175 INFO __main__ :Corpus size (sent): 80
2026-04-12 13:07:21,175 INFO __main__ :Converted sentences: 80
2026-04-12 13:07:21,175 INFO __main__ :and tokens: 376
2026-04-12 13:07:21,175 INFO __main__ :Non-projective sentences: 0
2026-04-12 13:07:21,175 INFO __main__ :Root-non-projective sentences: 0
2026-04-12 13:07:21,175 INFO __main__ :Sentences with None: 0
2026-04-12 13:07:21,175 INFO __main__ :Sentences with empty node: 0
2026-04-12 13:07:21,175 INFO __main__ :Sentences with control character: 0
2026-04-12 13:07:21,175 INFO __main__ :Sentences with not root contained: 0
2026-04-12 13:07:21,175 INFO __main__ :Converting SIM_cds.conllu with flat_og-POS method.
2026-04-12 13:07:21,181 INFO __main__ :0 data has been converted.
2026-04-12 13:07:21,187 INFO __main__ :Corpus size (sent): 142
2026-04-12 13:07:21,187 INFO __main__ :Converted sentences: 142
2026-04-12 13:07:21,187 INFO __main__ :and tokens: 706
2026-04-12 13:07:21,187 INFO __main__ :Non-projective sentences: 0
2026-04-12 13:07:21,187 INFO __main__ :Root-non-projective sentences: 0
2026-04-12 13:07:21,187 INFO __main__ :Sentences with None: 0
2026-04-12 13:07:21,187 INFO __main__ :Sentences with empty node: 0
2026-04-12 13:07:21,187 INFO __main__ :Sentences with control character: 0
2026-04-12 13:07:21,187 INFO __main__ :Sentences with not root contained: 0
2026-04-12 13:07:21,187 INFO __main__ :Converting ELI_cds.conllu with flat_og-POS method.
2026-04-12 13:07:21,201 INFO __main__ :0 data has been converted.
2026-04-12 13:07:21,214 INFO __main__ :Corpus size (sent): 373
2026-04-12 13:07:21,214 INFO __main__ :Converted sentences: 373
2026-04-12 13:07:21,214 INFO __main__ :and tokens: 1726
2026-04-12 13:07:21,214 INFO __main__ :Non-projective sentences: 0
2026-04-12 13:07:21,214 INFO __main__ :Root-non-projective sentences: 0
2026-04-12 13:07:21,214 INFO __main__ :Sentences with None: 0
2026-04-12 13:07:21,214 INFO __main__ :Sentences with empty node: 0
2026-04-12 13:07:21,214 INFO __main__ :Sentences with control character: 0
2026-04-12 13:07:21,214 INFO __main__ :Sentences with not root contained: 0
2026-04-12 13:07:21,215 INFO __main__ :Converting ALE_cds.conllu with flat_og-POS method.
2026-04-12 13:07:21,223 INFO __main__ :0 data has been converted.
2026-04-12 13:07:21,230 INFO __main__ :Corpus size (sent): 204
2026-04-12 13:07:21,230 INFO __main__ :Converted sentences: 204
2026-04-12 13:07:21,230 INFO __main__ :and tokens: 946
2026-04-12 13:07:21,230 INFO __main__ :Non-projective sentences: 0
2026-04-12 13:07:21,230 INFO __main__ :Root-non-projective sentences: 0
2026-04-12 13:07:21,231 INFO __main__ :Sentences with None: 0
2026-04-12 13:07:21,231 INFO __main__ :Sentences with empty node: 0
2026-04-12 13:07:21,231 INFO __main__ :Sentences with control character: 0
2026-04-12 13:07:21,231 INFO __main__ :Sentences with not root contained: 0
2026-04-12 20:47:56,888 INFO __main__ :Converting BOG_cds.conllu with flat_og-POS method.
2026-04-12 20:47:56,897 INFO __main__ :0 data has been converted.
2026-04-12 20:47:56,910 INFO __main__ :Corpus size (sent): 145
2026-04-12 20:47:56,911 INFO __main__ :Converted sentences: 145
2026-04-12 20:47:56,911 INFO __main__ :and tokens: 700
2026-04-12 20:47:56,911 INFO __main__ :Non-projective sentences: 0
2026-04-12 20:47:56,911 INFO __main__ :Root-non-projective sentences: 0
2026-04-12 20:47:56,911 INFO __main__ :Sentences with None: 0
2026-04-12 20:47:56,911 INFO __main__ :Sentences with empty node: 0
2026-04-12 20:47:56,911 INFO __main__ :Sentences with control character: 0
2026-04-12 20:47:56,911 INFO __main__ :Sentences with not root contained: 0
2026-04-12 20:47:56,912 INFO __main__ :Converting TEF_cds.conllu with flat_og-POS method.
2026-04-12 20:47:56,921 INFO __main__ :0 data has been converted.
2026-04-12 20:47:56,930 INFO __main__ :Corpus size (sent): 80
2026-04-12 20:47:56,930 INFO __main__ :Converted sentences: 80
2026-04-12 20:47:56,930 INFO __main__ :and tokens: 376
2026-04-12 20:47:56,930 INFO __main__ :Non-projective sentences: 0
2026-04-12 20:47:56,930 INFO __main__ :Root-non-projective sentences: 0
2026-04-12 20:47:56,930 INFO __main__ :Sentences with None: 0
2026-04-12 20:47:56,930 INFO __main__ :Sentences with empty node: 0
2026-04-12 20:47:56,930 INFO __main__ :Sentences with control character: 0
2026-04-12 20:47:56,930 INFO __main__ :Sentences with not root contained: 0
2026-04-12 20:47:56,930 INFO __main__ :Converting SIM_cds.conllu with flat_og-POS method.
2026-04-12 20:47:56,942 INFO __main__ :0 data has been converted.
2026-04-12 20:47:56,953 INFO __main__ :Corpus size (sent): 142
2026-04-12 20:47:56,953 INFO __main__ :Converted sentences: 142
2026-04-12 20:47:56,953 INFO __main__ :and tokens: 706
2026-04-12 20:47:56,953 INFO __main__ :Non-projective sentences: 0
2026-04-12 20:47:56,953 INFO __main__ :Root-non-projective sentences: 0
2026-04-12 20:47:56,953 INFO __main__ :Sentences with None: 0
2026-04-12 20:47:56,953 INFO __main__ :Sentences with empty node: 0
2026-04-12 20:47:56,953 INFO __main__ :Sentences with control character: 0
2026-04-12 20:47:56,953 INFO __main__ :Sentences with not root contained: 0
2026-04-12 20:47:56,953 INFO __main__ :Converting ELI_cds.conllu with flat_og-POS method.
2026-04-12 20:47:56,985 INFO __main__ :0 data has been converted.
2026-04-12 20:47:57,018 INFO __main__ :Corpus size (sent): 373
2026-04-12 20:47:57,019 INFO __main__ :Converted sentences: 373
2026-04-12 20:47:57,019 INFO __main__ :and tokens: 1726
2026-04-12 20:47:57,019 INFO __main__ :Non-projective sentences: 0
2026-04-12 20:47:57,019 INFO __main__ :Root-non-projective sentences: 0
2026-04-12 20:47:57,019 INFO __main__ :Sentences with None: 0
2026-04-12 20:47:57,019 INFO __main__ :Sentences with empty node: 0
2026-04-12 20:47:57,019 INFO __main__ :Sentences with control character: 0
2026-04-12 20:47:57,019 INFO __main__ :Sentences with not root contained: 0
2026-04-12 20:47:57,019 INFO __main__ :Converting ALE_cds.conllu with flat_og-POS method.
2026-04-12 20:47:57,035 INFO __main__ :0 data has been converted.
2026-04-12 20:47:57,049 INFO __main__ :Corpus size (sent): 204
2026-04-12 20:47:57,050 INFO __main__ :Converted sentences: 204
2026-04-12 20:47:57,050 INFO __main__ :and tokens: 946
2026-04-12 20:47:57,050 INFO __main__ :Non-projective sentences: 0
2026-04-12 20:47:57,050 INFO __main__ :Root-non-projective sentences: 0
2026-04-12 20:47:57,050 INFO __main__ :Sentences with None: 0
2026-04-12 20:47:57,050 INFO __main__ :Sentences with empty node: 0
2026-04-12 20:47:57,050 INFO __main__ :Sentences with control character: 0
2026-04-12 20:47:57,050 INFO __main__ :Sentences with not root contained: 0
